==========================================================
                          MEGA2 4.5.5
     Copyright (C) 1999-2012 Robert Baron, Charles P. Kollar,
     Nandita Mukhopadhyay, Lee Almasy, Mark Schroeder, William P. Mulvihill,
     Daniel E. Weeks, and University of Pittsburgh

     Last updated: Jun 21 2012, 10:29:17 , valid until June 15, 2013.
     Compiled with gcc version 4.2.1 (Apple Inc. build 5666) (dot 3)

     Mega2 comes with ABSOLUTELY NO WARRANTY.
     See LICENSE.txt for terms of copying, modifying & redistributing Mega2.
==========================================================
NOTE: If you have previously used explicit numbers for sex chromosomes, BEWARE!
We have changed the numbers to be compatible with PLINK. 23 still codes for X,
but 24 codes for Y and 25 Codes for XY.

-----------------------------------------------------
        Mega2 version 4.5.5
Run date:                  2012-6-21-10-30
This file created on       Thu Jun 21 10:30:36 2012
Input file names
#       Pedigree file:               ped.ped
#            Map file:               ped.map
#      Frequency file:               ped.frequency
#     Penetrance file:               ped.penetrance
#    PLINK Phenotype file:               ped.phe
  Untyped pedigree option: Include all pedigrees whether typed or not
Mendelianly-inconsistent genotypes included in output.
Half-typed individuals' genotypes included in output.
---------------------------------------------

