==========================================================
                          MEGA2 4.5.5
     Copyright (C) 1999-2012 Robert Baron, Charles P. Kollar,
     Nandita Mukhopadhyay, Lee Almasy, Mark Schroeder, William P. Mulvihill,
     Daniel E. Weeks, and University of Pittsburgh

     Last updated: Jun 21 2012, 10:29:17 , valid until June 15, 2013.
     Compiled with gcc version 4.2.1 (Apple Inc. build 5666) (dot 3)

     Mega2 comes with ABSOLUTELY NO WARRANTY.
     See LICENSE.txt for terms of copying, modifying & redistributing Mega2.
==========================================================
NOTE: If you have previously used explicit numbers for sex chromosomes, BEWARE!
We have changed the numbers to be compatible with PLINK. 23 still codes for X,
but 24 codes for Y and 25 Codes for XY.

Running Mega2 in batch mode from MEGA2.BATCH.annotated.
Input filenames and missing value indicator read in from batch file.
Analysis option read in from batch file.
Markers, chromosome(s) and read in from batch file.
Trait selection(s) read in from batch file.
Keyword Input_Omit_File not in batch file, omit file assumed to be unspecified.
-----------------------------------------------------
        Mega2 version 4.5.5
Run date:                  2012-6-21-10-30
This file created on       Thu Jun 21 10:30:37 2012
Input file names
#       Pedigree file:               pedin.annotated
#          Locus file:               names.annotated
#            Map file:               map.annotated
#      Frequency file:               frequency.annotated
#     Penetrance file:               penetrance.annotated
  Untyped pedigree option: Include all pedigrees whether typed or not
Mendelianly-inconsistent genotypes included in output.
Half-typed individuals' genotypes included in output.
---------------------------------------------

===========================================================
Analysis option: Mendel7+ format.
Checking format of input files ....
	pedin.annotated is in ANNOTATED format.
	names.annotated is in ANNOTATED format.
	map.annotated is in ANNOTATED format.
Pedigree, names and map file appear to be in ANNOTATED format.
Input files will be read in as ANNOTATED format files.
Reading annotated format names file: names.annotated
Found 1 possible maps.
Done reading map file: map.annotated

===========================================================
Total number of loci =  5
2 trait loci 
      1 Affection status locus: 
                TRAIT
      1 Quantitative locus: 
                Q1 
      3 Marker loci 
Number of loci found per chromosome (chromosome:number)
   5:3
===========================================================
Reading annotated format frequency file: frequency.annotated
Reading annotated format penetrance file: penetrance.annotated
Reading annotated format pedigree file: pedin.annotated
===========================================================
Input pedigree data contains:
Input pedigree file is in post-makeped format.
                                             Marker Genotypes
                                             Fully    Half
      Pedigrees    People   Males   Females  Typed    Typed  Total
TOTAL        2       22      10      12         66       0       66
Typed        2       22      10      12
Untyped      0        0       0       0
===========================================================
Pedigree exclusion option : Include all pedigrees whether typed or not.
Recoding pedigree genotypes ... 
===========================================================
Pedigree data summary after recoding:
Input pedigree file is in post-makeped format.
                                             Marker Genotypes
                                             Fully    Half
      Pedigrees    People   Males   Females  Typed    Typed  Total
TOTAL        2       22      10      12         66       0       66
Typed        2       22      10      12
Untyped      0        0       0       0
===========================================================
Connecting loops in pedigree 2...
Ped 2: Loop-breaker ids 2_2_8 and 2_2_11
        Saving 2_2_8, deleting 2_2_11
Only one genetic map is available for use.
Selected map Map.
Selected chromosome 5
Output will combine markers and the following selected traits:
                TRAIT [MARKERS]
After selecting traits and covariates
1 trait locus 
      1 Affection status locus: 
                TRAIT
Pedigree statistics after selecting chromosomes and marker loci:
                                             Marker Genotypes
                                             Fully    Half
      Pedigrees    People   Males   Females  Typed    Typed  Total
TOTAL        2       21       9      12         63       0       63
Typed        2       21       9      12
Untyped      0        0       0       0
===========================================================
Person id in output pedigree file = Individual id
===========================================================
Pedigree identifier in output pedigree file = Pedigree number
===========================================================
Mega2 created the following file(s) for Mendel7+ format:
        Definition file:      mendel_locus.05
        Pedigree file:        mendel_ped.05
        Map file:             mendel_map.05
        Control file:         mendel_control.05
===========================================================
Output is in ../example_output_annotated
===========================================================
If you use Mega2 as part of a published work, please reference 
 Mukhopadhyay N, Almasy L, Schroeder M, Mulvihill WP, Weeks DE (2005)
 Mega2: data-handling for facilitating genetic linkage and association analyses.
 Bioinformatics. 2005 May 15;21(10):2556-7, PMID: 15746282
as well as the version used, which is currently Version 4.5.5
===========================================================
See run summaries in current directory .
   MEGA2.LOG, MEGA2.ERR, MEGA2.KEYS
To view the HTML-formatted run summaries, open
/Users/rbaron/mega2src/example/./MEGA2run.html
in a web browser.
===========================================================
