--------------------
./configure
Tue Feb 25 12:15:59 EST 2014
=== ztest43967.c ===
extern int getchar();
int hello() {return getchar();}
===
cc -c ztest43967.c
... using gcc

Checking for obsessive-compulsive compiler options...
=== ztest43967.c ===
int foo() { return 0; }
===
cc -c -Wall -g ztest43967.c

Checking for shared library support...
=== ztest43967.c ===
extern int getchar();
int hello() {return getchar();}
===
cc -w -c -Wall -g -fPIC ztest43967.c
cc -dynamiclib -install_name ${exec_prefix}/lib/libz.1.dylib -compatibility_version 1 -current_version 1.2.8 -Wall -g -fPIC -o ztest43967.dylib ztest43967.o
Building shared library libz.1.2.8.dylib with cc.

=== ztest43967.c ===
#include <sys/types.h>
off64_t dummy = 0;
===
cc -c -Wall -g -D_LARGEFILE64_SOURCE=1 ztest43967.c
ztest43967.c:2: error: expected '=', ',', ';', 'asm' or '__attribute__' before 'dummy'
(exit code 1)
Checking for off64_t... No.

=== ztest43967.c ===
#include <stdio.h>
int main(void) {
  fseeko(NULL, 0, 0);
  return 0;
}
===
cc -Wall -g -o ztest43967 ztest43967.c
Checking for fseeko... Yes.

=== ztest43967.c ===
#include <string.h>
#include <errno.h>
int main() { return strlen(strerror(errno)); }
===
cc -Wall -g -o ztest43967 ztest43967.c
Checking for strerror... Yes.

=== ztest43967.c ===
#include <unistd.h>
int main() { return 0; }
===
cc -c -Wall -g ztest43967.c
Checking for unistd.h... Yes.

=== ztest43967.c ===
#include <stdarg.h>
int main() { return 0; }
===
cc -c -Wall -g ztest43967.c
Checking for stdarg.h... Yes.

=== ztest43967.c ===
#include <stdio.h>
#include <stdarg.h>
#include "zconf.h"
int main()
{
#ifndef STDC
  choke me
#endif
  return 0;
}
===
cc -c -Wall -g ztest43967.c
Checking whether to use vs[n]printf() or s[n]printf()... using vs[n]printf().

=== ztest43967.c ===
#include <stdio.h>
#include <stdarg.h>
int mytest(const char *fmt, ...)
{
  char buf[20];
  va_list ap;
  va_start(ap, fmt);
  vsnprintf(buf, sizeof(buf), fmt, ap);
  va_end(ap);
  return 0;
}
int main()
{
  return (mytest("Hello%d\n", 1));
}
===
cc -Wall -g -o ztest43967 ztest43967.c
Checking for vsnprintf() in stdio.h... Yes.

=== ztest43967.c ===
#include <stdio.h>
#include <stdarg.h>
int mytest(const char *fmt, ...)
{
  int n;
  char buf[20];
  va_list ap;
  va_start(ap, fmt);
  n = vsnprintf(buf, sizeof(buf), fmt, ap);
  va_end(ap);
  return n;
}
int main()
{
  return (mytest("Hello%d\n", 1));
}
===
cc -c -Wall -g ztest43967.c
Checking for return value of vsnprintf()... Yes.

=== ztest43967.c ===
#define ZLIB_INTERNAL __attribute__((visibility ("hidden")))
int ZLIB_INTERNAL foo;
int main()
{
  return 0;
}
===
cc -c -Wall -g ztest43967.c
Checking for attribute(visibility) support... Yes.

ALL = static shared
AR = libtool
ARFLAGS = -o
CC = cc
CFLAGS = -Wall -g -DHAVE_HIDDEN
CPP = cc -E
EXE =
LDCONFIG = ldconfig
LDFLAGS =
LDSHARED = cc -dynamiclib -install_name ${exec_prefix}/lib/libz.1.dylib -compatibility_version 1 -current_version 1.2.8
LDSHAREDLIBC = -lc
OBJC = $(OBJZ) $(OBJG)
PIC_OBJC = $(PIC_OBJZ) $(PIC_OBJG)
RANLIB = ranlib
SFLAGS = -Wall -g -fPIC -DHAVE_HIDDEN
SHAREDLIB = libz.dylib
SHAREDLIBM = libz.1.dylib
SHAREDLIBV = libz.1.2.8.dylib
STATICLIB = libz.a
TEST = all teststatic testshared
VER = 1.2.8
Z_U4 =
exec_prefix = ${prefix}
includedir = ${prefix}/include
libdir = ${exec_prefix}/lib
mandir = ${prefix}/share/man
prefix = /usr/local
sharedlibdir = ${libdir}
uname = Darwin
--------------------


--------------------
./configure
Tue Feb 25 12:45:49 EST 2014
Checking for gcc...
=== ztest45755.c ===
extern int getchar();
int hello() {return getchar();}
===
gcc -c ztest45755.c
... using gcc

Checking for obsessive-compulsive compiler options...
=== ztest45755.c ===
int foo() { return 0; }
===
gcc -c -O3 ztest45755.c

Checking for shared library support...
=== ztest45755.c ===
extern int getchar();
int hello() {return getchar();}
===
gcc -w -c -O3 -fPIC ztest45755.c
gcc -dynamiclib -install_name ${exec_prefix}/lib/libz.1.dylib -compatibility_version 1 -current_version 1.2.8 -O3 -fPIC -o ztest45755.dylib ztest45755.o
Building shared library libz.1.2.8.dylib with gcc.

=== ztest45755.c ===
#include <sys/types.h>
off64_t dummy = 0;
===
gcc -c -O3 -D_LARGEFILE64_SOURCE=1 ztest45755.c
ztest45755.c:2: error: expected '=', ',', ';', 'asm' or '__attribute__' before 'dummy'
(exit code 1)
Checking for off64_t... No.

=== ztest45755.c ===
#include <stdio.h>
int main(void) {
  fseeko(NULL, 0, 0);
  return 0;
}
===
gcc -O3 -o ztest45755 ztest45755.c
Checking for fseeko... Yes.

=== ztest45755.c ===
#include <string.h>
#include <errno.h>
int main() { return strlen(strerror(errno)); }
===
gcc -O3 -o ztest45755 ztest45755.c
Checking for strerror... Yes.

=== ztest45755.c ===
#include <unistd.h>
int main() { return 0; }
===
gcc -c -O3 ztest45755.c
Checking for unistd.h... Yes.

=== ztest45755.c ===
#include <stdarg.h>
int main() { return 0; }
===
gcc -c -O3 ztest45755.c
Checking for stdarg.h... Yes.

=== ztest45755.c ===
#include <stdio.h>
#include <stdarg.h>
#include "zconf.h"
int main()
{
#ifndef STDC
  choke me
#endif
  return 0;
}
===
gcc -c -O3 ztest45755.c
Checking whether to use vs[n]printf() or s[n]printf()... using vs[n]printf().

=== ztest45755.c ===
#include <stdio.h>
#include <stdarg.h>
int mytest(const char *fmt, ...)
{
  char buf[20];
  va_list ap;
  va_start(ap, fmt);
  vsnprintf(buf, sizeof(buf), fmt, ap);
  va_end(ap);
  return 0;
}
int main()
{
  return (mytest("Hello%d\n", 1));
}
===
gcc -O3 -o ztest45755 ztest45755.c
Checking for vsnprintf() in stdio.h... Yes.

=== ztest45755.c ===
#include <stdio.h>
#include <stdarg.h>
int mytest(const char *fmt, ...)
{
  int n;
  char buf[20];
  va_list ap;
  va_start(ap, fmt);
  n = vsnprintf(buf, sizeof(buf), fmt, ap);
  va_end(ap);
  return n;
}
int main()
{
  return (mytest("Hello%d\n", 1));
}
===
gcc -c -O3 ztest45755.c
Checking for return value of vsnprintf()... Yes.

=== ztest45755.c ===
#define ZLIB_INTERNAL __attribute__((visibility ("hidden")))
int ZLIB_INTERNAL foo;
int main()
{
  return 0;
}
===
gcc -c -O3 ztest45755.c
Checking for attribute(visibility) support... Yes.

ALL = static shared
AR = libtool
ARFLAGS = -o
CC = gcc
CFLAGS = -O3 -DHAVE_HIDDEN
CPP = gcc -E
EXE =
LDCONFIG = ldconfig
LDFLAGS =
LDSHARED = gcc -dynamiclib -install_name ${exec_prefix}/lib/libz.1.dylib -compatibility_version 1 -current_version 1.2.8
LDSHAREDLIBC = -lc
OBJC = $(OBJZ) $(OBJG)
PIC_OBJC = $(PIC_OBJZ) $(PIC_OBJG)
RANLIB = ranlib
SFLAGS = -O3 -fPIC -DHAVE_HIDDEN
SHAREDLIB = libz.dylib
SHAREDLIBM = libz.1.dylib
SHAREDLIBV = libz.1.2.8.dylib
STATICLIB = libz.a
TEST = all teststatic testshared
VER = 1.2.8
Z_U4 =
exec_prefix = ${prefix}
includedir = ${prefix}/include
libdir = ${exec_prefix}/lib
mandir = ${prefix}/share/man
prefix = /usr/local
sharedlibdir = ${libdir}
uname = Darwin
--------------------


--------------------
./configure
Tue Feb 25 13:00:31 EST 2014
Checking for gcc...
=== ztest46772.c ===
extern int getchar();
int hello() {return getchar();}
===
gcc -c ztest46772.c
... using gcc

Checking for obsessive-compulsive compiler options...
=== ztest46772.c ===
int foo() { return 0; }
===
gcc -c -O3 ztest46772.c

Checking for shared library support...
=== ztest46772.c ===
extern int getchar();
int hello() {return getchar();}
===
gcc -w -c -O3 -fPIC ztest46772.c
gcc -dynamiclib -install_name ${exec_prefix}/lib/libz.1.dylib -compatibility_version 1 -current_version 1.2.8 -O3 -fPIC -o ztest46772.dylib ztest46772.o
Building shared library libz.1.2.8.dylib with gcc.

=== ztest46772.c ===
#include <sys/types.h>
off64_t dummy = 0;
===
gcc -c -O3 -D_LARGEFILE64_SOURCE=1 ztest46772.c
ztest46772.c:2: error: expected '=', ',', ';', 'asm' or '__attribute__' before 'dummy'
(exit code 1)
Checking for off64_t... No.

=== ztest46772.c ===
#include <stdio.h>
int main(void) {
  fseeko(NULL, 0, 0);
  return 0;
}
===
gcc -O3 -o ztest46772 ztest46772.c
Checking for fseeko... Yes.

=== ztest46772.c ===
#include <string.h>
#include <errno.h>
int main() { return strlen(strerror(errno)); }
===
gcc -O3 -o ztest46772 ztest46772.c
Checking for strerror... Yes.

=== ztest46772.c ===
#include <unistd.h>
int main() { return 0; }
===
gcc -c -O3 ztest46772.c
Checking for unistd.h... Yes.

=== ztest46772.c ===
#include <stdarg.h>
int main() { return 0; }
===
gcc -c -O3 ztest46772.c
Checking for stdarg.h... Yes.

=== ztest46772.c ===
#include <stdio.h>
#include <stdarg.h>
#include "zconf.h"
int main()
{
#ifndef STDC
  choke me
#endif
  return 0;
}
===
gcc -c -O3 ztest46772.c
Checking whether to use vs[n]printf() or s[n]printf()... using vs[n]printf().

=== ztest46772.c ===
#include <stdio.h>
#include <stdarg.h>
int mytest(const char *fmt, ...)
{
  char buf[20];
  va_list ap;
  va_start(ap, fmt);
  vsnprintf(buf, sizeof(buf), fmt, ap);
  va_end(ap);
  return 0;
}
int main()
{
  return (mytest("Hello%d\n", 1));
}
===
gcc -O3 -o ztest46772 ztest46772.c
Checking for vsnprintf() in stdio.h... Yes.

=== ztest46772.c ===
#include <stdio.h>
#include <stdarg.h>
int mytest(const char *fmt, ...)
{
  int n;
  char buf[20];
  va_list ap;
  va_start(ap, fmt);
  n = vsnprintf(buf, sizeof(buf), fmt, ap);
  va_end(ap);
  return n;
}
int main()
{
  return (mytest("Hello%d\n", 1));
}
===
gcc -c -O3 ztest46772.c
Checking for return value of vsnprintf()... Yes.

=== ztest46772.c ===
#define ZLIB_INTERNAL __attribute__((visibility ("hidden")))
int ZLIB_INTERNAL foo;
int main()
{
  return 0;
}
===
gcc -c -O3 ztest46772.c
Checking for attribute(visibility) support... Yes.

ALL = static shared
AR = libtool
ARFLAGS = -o
CC = gcc
CFLAGS = -O3 -DHAVE_HIDDEN
CPP = gcc -E
EXE =
LDCONFIG = ldconfig
LDFLAGS =
LDSHARED = gcc -dynamiclib -install_name ${exec_prefix}/lib/libz.1.dylib -compatibility_version 1 -current_version 1.2.8
LDSHAREDLIBC = -lc
OBJC = $(OBJZ) $(OBJG)
PIC_OBJC = $(PIC_OBJZ) $(PIC_OBJG)
RANLIB = ranlib
SFLAGS = -O3 -fPIC -DHAVE_HIDDEN
SHAREDLIB = libz.dylib
SHAREDLIBM = libz.1.dylib
SHAREDLIBV = libz.1.2.8.dylib
STATICLIB = libz.a
TEST = all teststatic testshared
VER = 1.2.8
Z_U4 =
exec_prefix = ${prefix}
includedir = ${prefix}/include
libdir = ${exec_prefix}/lib
mandir = ${prefix}/share/man
prefix = /usr/local
sharedlibdir = ${libdir}
uname = Darwin
--------------------


--------------------
./configure
Tue Feb 25 13:38:55 EST 2014
Checking for gcc...
=== ztest47324.c ===
extern int getchar();
int hello() {return getchar();}
===
gcc -c ztest47324.c
... using gcc

Checking for obsessive-compulsive compiler options...
=== ztest47324.c ===
int foo() { return 0; }
===
gcc -c -O3 ztest47324.c

Checking for shared library support...
=== ztest47324.c ===
extern int getchar();
int hello() {return getchar();}
===
gcc -w -c -O3 -fPIC ztest47324.c
gcc -dynamiclib -install_name ${exec_prefix}/lib/libz.1.dylib -compatibility_version 1 -current_version 1.2.8 -O3 -fPIC -o ztest47324.dylib ztest47324.o
Building shared library libz.1.2.8.dylib with gcc.

=== ztest47324.c ===
#include <sys/types.h>
off64_t dummy = 0;
===
gcc -c -O3 -D_LARGEFILE64_SOURCE=1 ztest47324.c
ztest47324.c:2: error: expected '=', ',', ';', 'asm' or '__attribute__' before 'dummy'
(exit code 1)
Checking for off64_t... No.

=== ztest47324.c ===
#include <stdio.h>
int main(void) {
  fseeko(NULL, 0, 0);
  return 0;
}
===
gcc -O3 -o ztest47324 ztest47324.c
Checking for fseeko... Yes.

=== ztest47324.c ===
#include <string.h>
#include <errno.h>
int main() { return strlen(strerror(errno)); }
===
gcc -O3 -o ztest47324 ztest47324.c
Checking for strerror... Yes.

=== ztest47324.c ===
#include <unistd.h>
int main() { return 0; }
===
gcc -c -O3 ztest47324.c
Checking for unistd.h... Yes.

=== ztest47324.c ===
#include <stdarg.h>
int main() { return 0; }
===
gcc -c -O3 ztest47324.c
Checking for stdarg.h... Yes.

=== ztest47324.c ===
#include <stdio.h>
#include <stdarg.h>
#include "zconf.h"
int main()
{
#ifndef STDC
  choke me
#endif
  return 0;
}
===
gcc -c -O3 ztest47324.c
Checking whether to use vs[n]printf() or s[n]printf()... using vs[n]printf().

=== ztest47324.c ===
#include <stdio.h>
#include <stdarg.h>
int mytest(const char *fmt, ...)
{
  char buf[20];
  va_list ap;
  va_start(ap, fmt);
  vsnprintf(buf, sizeof(buf), fmt, ap);
  va_end(ap);
  return 0;
}
int main()
{
  return (mytest("Hello%d\n", 1));
}
===
gcc -O3 -o ztest47324 ztest47324.c
Checking for vsnprintf() in stdio.h... Yes.

=== ztest47324.c ===
#include <stdio.h>
#include <stdarg.h>
int mytest(const char *fmt, ...)
{
  int n;
  char buf[20];
  va_list ap;
  va_start(ap, fmt);
  n = vsnprintf(buf, sizeof(buf), fmt, ap);
  va_end(ap);
  return n;
}
int main()
{
  return (mytest("Hello%d\n", 1));
}
===
gcc -c -O3 ztest47324.c
Checking for return value of vsnprintf()... Yes.

=== ztest47324.c ===
#define ZLIB_INTERNAL __attribute__((visibility ("hidden")))
int ZLIB_INTERNAL foo;
int main()
{
  return 0;
}
===
gcc -c -O3 ztest47324.c
Checking for attribute(visibility) support... Yes.

ALL = static shared
AR = libtool
ARFLAGS = -o
CC = gcc
CFLAGS = -O3 -DHAVE_HIDDEN
CPP = gcc -E
EXE =
LDCONFIG = ldconfig
LDFLAGS =
LDSHARED = gcc -dynamiclib -install_name ${exec_prefix}/lib/libz.1.dylib -compatibility_version 1 -current_version 1.2.8
LDSHAREDLIBC = -lc
OBJC = $(OBJZ) $(OBJG)
PIC_OBJC = $(PIC_OBJZ) $(PIC_OBJG)
RANLIB = ranlib
SFLAGS = -O3 -fPIC -DHAVE_HIDDEN
SHAREDLIB = libz.dylib
SHAREDLIBM = libz.1.dylib
SHAREDLIBV = libz.1.2.8.dylib
STATICLIB = libz.a
TEST = all teststatic testshared
VER = 1.2.8
Z_U4 =
exec_prefix = ${prefix}
includedir = ${prefix}/include
libdir = ${exec_prefix}/lib
mandir = ${prefix}/share/man
prefix = /usr/local
sharedlibdir = ${libdir}
uname = Darwin
--------------------


--------------------
./configure
Tue Feb 25 13:39:38 EST 2014
Checking for gcc...
=== ztest47499.c ===
extern int getchar();
int hello() {return getchar();}
===
gcc -c ztest47499.c
... using gcc

Checking for obsessive-compulsive compiler options...
=== ztest47499.c ===
int foo() { return 0; }
===
gcc -c -O3 ztest47499.c

Checking for shared library support...
=== ztest47499.c ===
extern int getchar();
int hello() {return getchar();}
===
gcc -w -c -O3 -fPIC ztest47499.c
gcc -dynamiclib -install_name ${exec_prefix}/lib/libz.1.dylib -compatibility_version 1 -current_version 1.2.8 -O3 -fPIC -o ztest47499.dylib ztest47499.o
Building shared library libz.1.2.8.dylib with gcc.

=== ztest47499.c ===
#include <sys/types.h>
off64_t dummy = 0;
===
gcc -c -O3 -D_LARGEFILE64_SOURCE=1 ztest47499.c
ztest47499.c:2: error: expected '=', ',', ';', 'asm' or '__attribute__' before 'dummy'
(exit code 1)
Checking for off64_t... No.

=== ztest47499.c ===
#include <stdio.h>
int main(void) {
  fseeko(NULL, 0, 0);
  return 0;
}
===
gcc -O3 -o ztest47499 ztest47499.c
Checking for fseeko... Yes.

=== ztest47499.c ===
#include <string.h>
#include <errno.h>
int main() { return strlen(strerror(errno)); }
===
gcc -O3 -o ztest47499 ztest47499.c
Checking for strerror... Yes.

=== ztest47499.c ===
#include <unistd.h>
int main() { return 0; }
===
gcc -c -O3 ztest47499.c
Checking for unistd.h... Yes.

=== ztest47499.c ===
#include <stdarg.h>
int main() { return 0; }
===
gcc -c -O3 ztest47499.c
Checking for stdarg.h... Yes.

=== ztest47499.c ===
#include <stdio.h>
#include <stdarg.h>
#include "zconf.h"
int main()
{
#ifndef STDC
  choke me
#endif
  return 0;
}
===
gcc -c -O3 ztest47499.c
Checking whether to use vs[n]printf() or s[n]printf()... using vs[n]printf().

=== ztest47499.c ===
#include <stdio.h>
#include <stdarg.h>
int mytest(const char *fmt, ...)
{
  char buf[20];
  va_list ap;
  va_start(ap, fmt);
  vsnprintf(buf, sizeof(buf), fmt, ap);
  va_end(ap);
  return 0;
}
int main()
{
  return (mytest("Hello%d\n", 1));
}
===
gcc -O3 -o ztest47499 ztest47499.c
Checking for vsnprintf() in stdio.h... Yes.

=== ztest47499.c ===
#include <stdio.h>
#include <stdarg.h>
int mytest(const char *fmt, ...)
{
  int n;
  char buf[20];
  va_list ap;
  va_start(ap, fmt);
  n = vsnprintf(buf, sizeof(buf), fmt, ap);
  va_end(ap);
  return n;
}
int main()
{
  return (mytest("Hello%d\n", 1));
}
===
gcc -c -O3 ztest47499.c
Checking for return value of vsnprintf()... Yes.

=== ztest47499.c ===
#define ZLIB_INTERNAL __attribute__((visibility ("hidden")))
int ZLIB_INTERNAL foo;
int main()
{
  return 0;
}
===
gcc -c -O3 ztest47499.c
Checking for attribute(visibility) support... Yes.

ALL = static shared
AR = libtool
ARFLAGS = -o
CC = gcc
CFLAGS = -O3 -DHAVE_HIDDEN
CPP = gcc -E
EXE =
LDCONFIG = ldconfig
LDFLAGS =
LDSHARED = gcc -dynamiclib -install_name ${exec_prefix}/lib/libz.1.dylib -compatibility_version 1 -current_version 1.2.8
LDSHAREDLIBC = -lc
OBJC = $(OBJZ) $(OBJG)
PIC_OBJC = $(PIC_OBJZ) $(PIC_OBJG)
RANLIB = ranlib
SFLAGS = -O3 -fPIC -DHAVE_HIDDEN
SHAREDLIB = libz.dylib
SHAREDLIBM = libz.1.dylib
SHAREDLIBV = libz.1.2.8.dylib
STATICLIB = libz.a
TEST = all teststatic testshared
VER = 1.2.8
Z_U4 =
exec_prefix = ${prefix}
includedir = ${prefix}/include
libdir = ${exec_prefix}/lib
mandir = ${prefix}/share/man
prefix = /usr/local
sharedlibdir = ${libdir}
uname = Darwin
--------------------


