==========================================================
                          MEGA2 4.5.5
     Copyright (C) 1999-2012 Robert Baron, Charles P. Kollar,
     Nandita Mukhopadhyay, Lee Almasy, Mark Schroeder, William P. Mulvihill,
     Daniel E. Weeks, and University of Pittsburgh

     Last updated: Jun 21 2012, 10:29:17 , valid until June 15, 2013.
     Compiled with gcc version 4.2.1 (Apple Inc. build 5666) (dot 3)

     Mega2 comes with ABSOLUTELY NO WARRANTY.
     See LICENSE.txt for terms of copying, modifying & redistributing Mega2.
==========================================================
NOTE: If you have previously used explicit numbers for sex chromosomes, BEWARE!
We have changed the numbers to be compatible with PLINK. 23 still codes for X,
but 24 codes for Y and 25 Codes for XY.

Running Mega2 in batch mode from MEGA2.BATCH.bed.
Input filenames and missing value indicator read in from batch file.
Analysis option read in from batch file.
Markers, chromosome(s) and read in from batch file.
Trait selection(s) read in from batch file.
Keyword Input_Omit_File not in batch file, omit file assumed to be unspecified.
-----------------------------------------------------
        Mega2 version 4.5.5
Run date:                  2012-6-21-10-30
This file created on       Thu Jun 21 10:30:36 2012
Input file names
#       Pedigree file:               bed.fam
#            Map file:               bed.bim
#      Frequency file:               ped.frequency
#     Penetrance file:               ped.penetrance
#      PLINK Bed file:               bed.bed
#    PLINK Phenotype file:               ped.phe
  Untyped pedigree option: Include all pedigrees whether typed or not
Mendelianly-inconsistent genotypes included in output.
Half-typed individuals' genotypes included in output.
---------------------------------------------

===========================================================
Analysis option: Mendel7+ format.
Pedigree and map files appear to be in PLINK format.
omit, penetrance, and frequency files are always in Annotated format.
Input files will be read in as PLINK or Annotated format files as appropriate.
reading phenotype file ped.phe ... (1 columns)
Reading PLINK map file for names: bed.bim
Reading map file bed.bim ... (6 columns)
Found 2 possible maps.
Done reading map file: bed.bim

===========================================================
Total number of loci =  5
2 trait loci 
      1 Affection status locus: 
                TRAIT
      1 Quantitative locus: 
                Q1 
      3 Marker loci 
Number of loci found per chromosome (chromosome:number)
   5:3
===========================================================
Reading annotated format frequency file: ped.frequency
Reading annotated format penetrance file: ped.penetrance
Reading PLINK format .fam file: bed.fam (6 columns)
Detected PLINK .bed file v1.00 SNP-major mode.
Reading PLINK format ped file: bed.fam (7 columns)

3 (of 3) markers to be included from bed.bim
Reading pedigree information from bed.fam
21 individuals read from bed.fam
21 individuals with nonmissing phenotypes
0 cases, 0 controls, 0 missing
9 males, 12 females, 0 of unspecified sex
8 founders, 13 non-founders found
===========================================================
Input pedigree data contains:
Input pedigree file is in PLINK-fam format. 
                                             Marker Genotypes
                                             Fully    Half
      Pedigrees    People   Males   Females  Typed    Typed  Total
TOTAL        2       21       9      12         63       0       63
Typed        2       21       9      12
Untyped      0        0       0       0
===========================================================
Pedigree exclusion option : Include all pedigrees whether typed or not.
Recoding pedigree genotypes ... 
===========================================================
Pedigree data summary after recoding:
Input pedigree file is in PLINK-fam format. 
                                             Marker Genotypes
                                             Fully    Half
      Pedigrees    People   Males   Females  Typed    Typed  Total
TOTAL        2       21       9      12         63       0       63
Typed        2       21       9      12
Untyped      0        0       0       0
===========================================================
Selected map Map.
Selected chromosome 5
Output will combine markers and the following selected traits:
                TRAIT [MARKERS]
After selecting traits and covariates
1 trait locus 
      1 Affection status locus: 
                TRAIT
Pedigree statistics after selecting chromosomes and marker loci:
                                             Marker Genotypes
                                             Fully    Half
      Pedigrees    People   Males   Females  Typed    Typed  Total
TOTAL        2       21       9      12         63       0       63
Typed        2       21       9      12
Untyped      0        0       0       0
===========================================================
Person id in output pedigree file = Individual id
===========================================================
Pedigree identifier in output pedigree file = Premakeped pedigree number.
===========================================================
Mega2 created the following file(s) for Mendel7+ format:
        Definition file:      mendel_locus.05
        Pedigree file:        mendel_ped.05
        Map file:             mendel_map.05
        Control file:         mendel_control.05
===========================================================
Output is in ../example_output_bed
===========================================================
If you use Mega2 as part of a published work, please reference 
 Mukhopadhyay N, Almasy L, Schroeder M, Mulvihill WP, Weeks DE (2005)
 Mega2: data-handling for facilitating genetic linkage and association analyses.
 Bioinformatics. 2005 May 15;21(10):2556-7, PMID: 15746282
as well as the version used, which is currently Version 4.5.5
===========================================================
See run summaries in current directory .
   MEGA2.LOG, MEGA2.ERR, MEGA2.KEYS
To view the HTML-formatted run summaries, open
/Users/rbaron/mega2src/example/./MEGA2run.html
in a web browser.
===========================================================
