==========================================================
                          MEGA2 5.0.2
     Copyright 1999-2019, University of Pittsburgh. All Rights Reserved.
     Contributors to Mega2: Robert Baron, Justin R. Stickel, Charles P. Kollar,
     Nandita Mukhopadhyay, Lee Almasy, Mark Schroeder, William P. Mulvihill,
     and Daniel E. Weeks.


     Mega2 comes with ABSOLUTELY NO WARRANTY.
     See LICENSE.txt for terms of copying, modifying & redistributing Mega2.
==========================================================
NOTE: For humans, chromosome 23 codes for X, 24 codes for Y and 25 codes for XY.

Run date:                  2019-5-22-13-11

-----------------------------------------------------
        Mega2 version 5.0.2
Run date:                  2019-5-22-13-11
This file created on       Wed May 22 13:11:06 2019
Input file names
#       Pedigree file:               bed.fam
#      Frequency file:               ped.frequency
#     Penetrance file:               ped.penetrance
#      PLINK Bed file:               bed.bed
# PLINK Phenotype file:               ped.phe
#      PLINK Map file:               bed.bim
Untyped pedigree option: Include all pedigrees whether typed or not
---------------------------------------------

